size is 10036
value at 9628 is 26.000000
setting value at 9628 to 9.200000
value at 9628 now is 9.200000
