starting 1000000 unions
size is 20000
value at 18220 is 1
setting value at 18220 to 62
value at 18220 now is 62
size is 10000
value at 5270 is 81
setting value at 5270 to 12
value at 5270 now is 12
