size is 1000000
value at 207468 is 20
setting value at 207468 to 12
value at 207468 now is 12
