starting 1000000 unions
p: {{31,9,25,48,8,64,42,73,95,87,59,8,94,26,65,16,44,68,4,73,13,49,91,8,72,38,67,44,27,74,96,88,13,56,0,66,1,57,58,27,90,81,68,5,61,6,65,20,68,6}}
p (debug): head->{{31,9,25,48,8,64,42,73,95,87,59,8,94,26,65,16,44,68,4,73,13,49,91,8,72,38,67,44,27,74,96,88,13,56,0,66,1,57,58,27,90,81,68,5,61,6,65,20,68,6}},tail->{{6}}

q: {{73,30,42,46,65,70,97,95,49,3,59,39,74,69,45,16,3,57,56,9,22,2,21,82,11}}
q (debug): head->{{73,30,42,46,65,70,97,95,49,3,59,39,74,69,45,16,3,57,56,9,22,2,21,82,11}},tail->{{11}}

size is 50
value at 39 is 27
setting value at 39 to 54
value at 39 now is 54
size is 25
value at 17 is 57
setting value at 17 to 71
value at 17 now is 71
