done inserting
done getting and setting
done removing
{{17,56,14,45,25,27,21,6,57,8,56,38,28,58,77,69,93,98,81,12}}
size is 20
value at 12 is 28
setting value at 12 to 5
value at 12 now is 5
