size is 10000
value at 6807 is 66.000000
setting value at 6807 to 0.100000
value at 6807 now is 0.100000
