<6,2,26,4,54,46,28,35,17,88,48,5,82,25,95,37,26,36>
head->{6,2,26,4,54,46,28,35,17,88,48,5,82,25,95,37,26,36},tail->{36}
<88,48,5,82,25,95,37,26,36>
head->{88,48,5,82,25,95,37,26,36},tail->{36}
<>
head->{},tail->{}
<15,65,74,57,40,32,38,97,27,73,13,54,0,19,56,78,76,11>
head->{15,65,74,57,40,32,38,97,27,73,13,54,0,19,56,78,76,11},tail->{11}
<73,13,54,0,19,56,78,76,11>
head->{73,13,54,0,19,56,78,76,11},tail->{11}
<>
head->{},tail->{}
<24,4,98,41,44,47,46,78,72,41,67,51,29,34,68,55,91,8>
head->{24,4,98,41,44,47,46,78,72,41,67,51,29,34,68,55,91,8},tail->{8}
<41,67,51,29,34,68,55,91,8>
head->{41,67,51,29,34,68,55,91,8},tail->{8}
<>
head->{},tail->{}
<87,81,57,66,54,70,21,54,42,29,32,18,40,8,74,91,49,71>
head->{87,81,57,66,54,70,21,54,42,29,32,18,40,8,74,91,49,71},tail->{71}
<29,32,18,40,8,74,91,49,71>
head->{29,32,18,40,8,74,91,49,71},tail->{71}
<>
head->{},tail->{}
<38,96,49,10,89,69,61,19,3,81,26,47,89,66,28,99,32,83>
head->{38,96,49,10,89,69,61,19,3,81,26,47,89,66,28,99,32,83},tail->{83}
<81,26,47,89,66,28,99,32,83>
head->{81,26,47,89,66,28,99,32,83},tail->{83}
<>
head->{},tail->{}
size is 0
