size is 10000
value at 6206 is 45.000000
setting value at 6206 to 6.000000
value at 6206 now is 6.000000
