starting 1000000 unions
q: {82,45,63,6,11,80,78,7,64,3,23,52,27,23,39,53,78,6,16,85,91,56,51,33,23,73,61,11,52,81,80,58,97,8,93,88,10,52,38,13,49,72,5,59,80,63,89,72,24,80,10,50,57,99,22,10,58,10,66,66,1,23,13,44,73,41,32,46,7,88,90,66,56,9,63,57,9,68,12,91,55,19,10,65,8,28,28,22,78,24,82,20,22,89,45,37,10,8,35,33,71,33,94,46,34,2,96,87,17,67,8,69,88,16,42,15,9,60,70,48,6,14,88,99,11,95,73,93,1,68,68}
q (debug): head->{82,45,63,6,11,80,78,7,64,3,23,52,27,23,39,53,78,6,16,85,91,56,51,33,23,73,61,11,52,81,80,58,97,8,93,88,10,52,38,13,49,72,5,59,80,63,89,72,24,80,10,50,57,99,22,10,58,10,66,66,1,23,13,44,73,41,32,46,7,88,90,66,56,9,63,57,9,68,12,91,55,19,10,65,8,28,28,22,78,24,82,20,22,89,45,37,10,8,35,33,71,33,94,46,34,2,96,87,17,67,8,69,88,16,42,15,9,60,70,48,6,14,88,99,11,95,73,93,1,68,68},tail->{68}

size is 2000131
value at 1450778 is 52
setting value at 1450778 to 52
value at 1450778 now is 52
size is 131
value at 99 is 33
setting value at 99 to 85
value at 99 now is 85
