size is 1000000
value at 497371 is 13
setting value at 497371 to 69
value at 497371 now is 69
