size is 9980
value at 7667 is 50.000000
setting value at 7667 to 0.100000
value at 7667 now is 0.100000
