size is 1000000
value at 221716 is 14
setting value at 221716 to 53
value at 221716 now is 53
