|36,26,37,95,25,82,5,48,88,17,35,28,46,54,4,26,2,6|
head->{{36,26,37,95,25,82,5,48,88,17,35,28,46,54,4,26,2,6}},tail->{{6}}
|17,35,28,46,54,4,26,2,6|
head->{{17,35,28,46,54,4,26,2,6}},tail->{{6}}
||
head->{{}},tail->{{}}
|11,76,78,56,19,0,54,13,73,27,97,38,32,40,57,74,65,15|
head->{{11,76,78,56,19,0,54,13,73,27,97,38,32,40,57,74,65,15}},tail->{{15}}
|27,97,38,32,40,57,74,65,15|
head->{{27,97,38,32,40,57,74,65,15}},tail->{{15}}
||
head->{{}},tail->{{}}
|8,91,55,68,34,29,51,67,41,72,78,46,47,44,41,98,4,24|
head->{{8,91,55,68,34,29,51,67,41,72,78,46,47,44,41,98,4,24}},tail->{{24}}
|72,78,46,47,44,41,98,4,24|
head->{{72,78,46,47,44,41,98,4,24}},tail->{{24}}
||
head->{{}},tail->{{}}
|71,49,91,74,8,40,18,32,29,42,54,21,70,54,66,57,81,87|
head->{{71,49,91,74,8,40,18,32,29,42,54,21,70,54,66,57,81,87}},tail->{{87}}
|42,54,21,70,54,66,57,81,87|
head->{{42,54,21,70,54,66,57,81,87}},tail->{{87}}
||
head->{{}},tail->{{}}
|83,32,99,28,66,89,47,26,81,3,19,61,69,89,10,49,96,38|
head->{{83,32,99,28,66,89,47,26,81,3,19,61,69,89,10,49,96,38}},tail->{{38}}
|3,19,61,69,89,10,49,96,38|
head->{{3,19,61,69,89,10,49,96,38}},tail->{{38}}
||
head->{{}},tail->{{}}
size is 0
